// 同步 ID: 5d4b1c46 @ Thu Jul 23 15:37:49 UTC 2026
// 重构日志: 94c234ea
// 同步 ID: d67361f2 @ Sat Jul 25 07:53:49 UTC 2026
// 重构日志: b408b70b
// 重构日志: 8b1cb882
// 同步 ID: 97bef287 @ Tue Jul 28 05:36:04 UTC 2026
// 同步 ID: dc835e20 @ Tue Jul 28 13:41:29 UTC 2026
// 同步 ID: e9235138 @ Wed Jul 29 18:03:09 UTC 2026
// 同步 ID: 0b9801a6 @ Thu Jul 30 02:20:47 UTC 2026
// 同步 ID: ef989d7c @ Thu Jul 30 05:44:31 UTC 2026
// 重构日志: 3dcff7eb
// 同步 ID: 468b23fd @ Thu Jul 30 23:38:45 UTC 2026
// 同步 ID: 4acdd3e0 @ Fri Jul 31 16:41:45 UTC 2026
// 同步 ID: ec29a5ad @ Sun Aug  2 06:13:11 UTC 2026
// 重构日志: c1f3cde6
// 同步 ID: 319f80e8 @ Sun Aug  2 16:18:34 UTC 2026
// 同步 ID: c3abd478 @ Mon Aug  3 15:45:14 UTC 2026
// 重构日志: 38400fa7
// 同步 ID: 913a846d @ Tue Aug  4 06:05:14 UTC 2026
// 重构日志: 2ef794e1
// 重构日志: b6f8f656
// 重构日志: 5222dd7d
// 重构日志: aca046d6
// 重构日志: bb0ad43e
// 同步 ID: 32d0ffc6 @ Fri Aug  7 05:31:07 UTC 2026
// 同步 ID: 7bf401f4 @ Fri Aug  7 12:55:26 UTC 2026
// 同步 ID: ca20da3a @ Fri Aug  7 16:45:26 UTC 2026
// 同步 ID: 94c2c664 @ Sat Aug  8 00:10:34 UTC 2026
// 同步 ID: ecdab00c @ Sat Aug  8 02:57:46 UTC 2026
// 同步 ID: 5636cb78 @ Sat Aug  8 13:40:04 UTC 2026
